[?25l[?2004h                                                                                                    
                          FORMULA 1 PIRELLI UNITED STATES GRAND PRIX 2024                           
                                                                                                    
 ────────────────────────────────────────────────────────────────────────────────────────────────── 
 .................................................................................................. 
 .................................................................................................. 
 ────────────────────────────────────────────────────────────────────────────────────────────────── 
                                         Race: 0 / 56 Laps                                          
 ────────────────────────────────────────────────────────────────────────────────────────────────── 
 .................................................................................................. 
             ╭─────┬────────┬─────┬────────┬──────────┬─────────┬──────────┬───────────╮            
             │ POS │ DRIVER │ INT │ LEADER │ TIRE     │ SECTORS │ LAST     │ BEST      │            
             ├─────┼────────┼─────┼────────┼──────────┼─────────┼──────────┼───────────┤            
             │   1 │ ▍NOR   │ -   │ -      │ M 2 Laps │ TODO    │ 1:21.127 │ 1:21.127  │            
             │     │        │     │        │          │         │          │           │            
             │   2 │ ▍VER   │ -   │ -      │ M 2 Laps │ TODO    │ 1:23.198 │ 1:21.148  │            
             │     │        │     │        │          │         │          │           │            
             │   3 │ ▍SAI   │ -   │ -      │ S 2 Laps │ TODO    │ 1:22.331 │ 1:22.331  │            
             │     │        │     │        │          │         │          │           │            
             │   4 │ ▍LEC   │ -   │ -      │ W 2 Laps │ TODO    │ 1:22.331 │ 1:21.148  │            
             │     │        │     │        │          │         │          │           │            
             │   5 │ ▍PIA   │ -   │ -      │ S 2 Laps │ TODO    │ 1:22.331 │ 1:21.148  │            
             │     │        │     │        │          │         │          │           │            
             │   6 │ ▍GAS   │ -   │ -      │ X 2 Laps │ TODO    │ 1:22.331 │ 1:21.148  │            
             │     │        │     │        │          │         │          │           │            
             │   7 │ ▍ALO   │ -   │ -      │ H 2 Laps │ TODO    │ 1:22.331 │ 1:21.148  │            
             │     │        │     │        │          │         │          │           │            
             │   8 │ ▍MAG   │ -   │ -      │ H 2 Laps │ TODO    │ 1:22.331 │ 1:21.148  │            
             │     │        │     │        │          │         │          │           │            
             │   9 │ ▍PER   │ -   │ -      │ -        │ TODO    │ 1:22.331 │ 1:21.148  │            
             │     │        │     │        │          │         │          │           │            
             │  10 │ ▍TSU   │ -   │ -      │ -        │ TODO    │ 1:22.331 │ 1:21.148  │            
             │     │        │     │        │          │         │          │           │            
             │  11 │ ▍HUL   │ -   │ -      │ -        │ TODO    │ 1:22.331 │ 1:21.148  │            
             │     │        │     │        │          │         │          │           │            
             │  12 │ ▍OCO   │ -   │ -      │ -        │ TODO    │ 1:22.331 │ 1:21.148  │            
             │     │        │     │        │          │         │          │           │            
             │  13 │ ▍STR   │ -   │ -      │ -        │ TODO    │ 1:22.331 │ 1:21.148  │            
             │     │        │     │        │          │         │          │           │            
             │  14 │ ▍ALB   │ -   │ -      │ -        │ TODO    │ 1:22.331 │ 1:23.9842 │            
             │     │        │     │        │          │         │          │           │            
             │  15 │ ▍COL   │ -   │ -      │ -        │ TODO    │ 1:22.331 │ 1:21.994  │            
             │     │        │     │        │          │         │          │           │            
             │  16 │ ▍BOT   │ -   │ -      │ -        │ TODO    │ 1:22.331 │ 1:22.002  │            
             │     │        │     │        │          │         │          │           │            
             │  17 │ ▍HAM ⏱ │ -   │ -      │ -        │ TODO    │ 1:22.331 │ 1:22.889  │            
             │     │        │     │        │          │         │          │           │            
             │  18 │ ▍ZHO   │ -   │ -      │ -        │ TODO    │ 1:22.331 │ 1:22.358  │            
             │     │        │     │        │          │         │          │           │            
             │  19 │ ▍LAW   │ -   │ -      │ -        │ TODO    │ 1:22.331 │ 1:24.546  │            
             │     │        │     │        │          │         │          │           │            
             │  20 │ ▍RUS   │ -   │ -      │ -        │ TODO    │ 1:21.127 │ 1:22.348  │            
             ╰─────┴────────┴─────┴────────┴──────────┴─────────┴──────────┴───────────╯            
                                                                                                    [100D[2K[?2004l[?25h[?1002l[?1003l[?1006l