[?25l[?2004h                                                                                                    
                          FORMULA 1 PIRELLI UNITED STATES GRAND PRIX 2024                           
                                                                                                    
 ────────────────────────────────────────────────────────────────────────────────────────────────── 
 .................................................................................................. 
 .................................................................................................. 
 ────────────────────────────────────────────────────────────────────────────────────────────────── 
                                         Race: 2 / 56 Laps                                          
 ────────────────────────────────────────────────────────────────────────────────────────────────── 
 .................................................................................................. 
                   ╭─────┬────────┬─────┬────────┬──────┬─────────┬──────┬──────╮                   
                   │ POS │ DRIVER │ INT │ LEADER │ TIRE │ SECTORS │ LAST │ BEST │                   
                   ├─────┼────────┼─────┼────────┼──────┼─────────┼──────┼──────┤                   
                   ╰─────┴────────┴─────┴────────┴──────┴─────────┴──────┴──────╯                   
                                                                                                    [100D[2K[?2004l[?25h[?1002l[?1003l[?1006l