[?25l[?2004h                                                                                                    
                          FORMULA 1 PIRELLI UNITED STATES GRAND PRIX 2024                           
                                                                                                    
 ────────────────────────────────────────────────────────────────────────────────────────────────── 
 .................................................................................................. 
 .................................................................................................. 
 ────────────────────────────────────────────────────────────────────────────────────────────────── 
                                         Race: 0 / 56 Laps                                          
 ────────────────────────────────────────────────────────────────────────────────────────────────── 
 .................................................................................................. 
 .........╭─────┬────────┬────────┬─────────┬──────────┬─────────┬──────────┬───────────╮.......... 
 .........│ POS │ DRIVER │ INT    │ LEADER  │ TIRE     │ SECTORS │ LAST     │ BEST      │.......... 
 .........├─────┼────────┼────────┼─────────┼──────────┼─────────┼──────────┼───────────┤.......... 
 .........│   1 │ ▍NOR   │ -      │ -       │ M 2 Laps │ -       │ 1:21.127 │ 1:21.127  │.......... 
 .........│     │        │        │         │          │         │          │           │.......... 
 .........│   2 │ ▍VER   │ +3.421 │ +12.561 │ M 2 Laps │ -       │ 1:23.198 │ 1:21.148  │.......... 
 .........│     │        │        │         │          │         │          │           │.......... 
 .........│   3 │ ▍SAI   │ +3.422 │ +12.562 │ S 2 Laps │ -       │ 1:22.331 │ 1:22.331  │.......... 
 .........│     │        │        │         │          │         │          │           │.......... 
 .........│   4 │ ▍LEC   │ +3.423 │ +12.563 │ W 2 Laps │ -       │ 1:22.331 │ 1:21.148  │.......... 
 .........│     │        │        │         │          │         │          │           │.......... 
 .........│   5 │ ▍PIA   │ +3.424 │ +12.564 │ S 2 Laps │ -       │ 1:22.331 │ 1:21.148  │.......... 
 .........│     │        │        │         │          │         │          │           │.......... 
 .........│   6 │ ▍GAS   │ +3.425 │ +12.565 │ X 2 Laps │ -       │ 1:22.331 │ 1:21.148  │.......... 
 .........│     │        │        │         │          │         │          │           │.......... 
 .........│   7 │ ▍ALO   │ +3.426 │ +12.566 │ H 2 Laps │ -       │ 1:22.331 │ 1:21.148  │.......... 
 .........│     │        │        │         │          │         │          │           │.......... 
 .........│   8 │ ▍MAG   │ +3.427 │ +12.567 │ H 2 Laps │ -       │ 1:22.331 │ 1:21.148  │.......... 
 .........│     │        │        │         │          │         │          │           │.......... 
 .........│   9 │ ▍PER   │ +3.428 │ +12.568 │ -        │ -       │ 1:22.331 │ 1:21.148  │.......... 
 .........│     │        │        │         │          │         │          │           │.......... 
 .........│  10 │ ▍TSU   │ +3.429 │ +12.569 │ -        │ -       │ 1:22.331 │ 1:21.148  │.......... 
 .........│     │        │        │         │          │         │          │           │.......... 
 .........│  11 │ ▍HUL   │ +3.430 │ +12.570 │ -        │ -       │ 1:22.331 │ 1:21.148  │.......... 
 .........│     │        │        │         │          │         │          │           │.......... 
 .........│  12 │ ▍OCO   │ +3.431 │ +12.571 │ -        │ -       │ 1:22.331 │ 1:21.148  │.......... 
 .........│     │        │        │         │          │         │          │           │.......... 
 .........│  13 │ ▍STR   │ +3.432 │ +12.572 │ -        │ -       │ 1:22.331 │ 1:21.148  │.......... 
 .........│     │        │        │         │          │         │          │           │.......... 
 .........│  14 │ ▍ALB   │ +3.433 │ +12.573 │ -        │ -       │ 1:22.331 │ 1:23.9842 │.......... 
 .........│     │        │        │         │          │         │          │           │.......... 
 .........│  15 │ ▍COL   │ +3.434 │ +12.574 │ -        │ -       │ 1:22.331 │ 1:21.994  │.......... 
 .........│     │        │        │         │          │         │          │           │.......... 
 .........│  16 │ ▍BOT   │ +3.435 │ +12.575 │ -        │ -       │ 1:22.331 │ 1:22.002  │.......... 
 .........│     │        │        │         │          │         │          │           │.......... 
 .........│  17 │ ▍HAM ⏱ │ +3.436 │ +12.576 │ -        │ -       │ 1:22.331 │ 1:22.889  │.......... 
 .........│     │        │        │         │          │         │          │           │.......... 
 .........│  18 │ ▍ZHO   │ +3.437 │ +12.577 │ -        │ -       │ 1:22.331 │ 1:22.358  │.......... 
 .........│     │        │        │         │          │         │          │           │.......... 
 .........│  19 │ ▍LAW   │ +3.438 │ +12.578 │ -        │ -       │ 1:22.331 │ 1:24.546  │.......... 
 .........│     │        │        │         │          │         │          │           │.......... 
 .........│  20 │ ▍RUS   │ +3.439 │ +12.579 │ -        │ -       │ 1:21.127 │ 1:22.348  │.......... 
 .........╰─────┴────────┴────────┴─────────┴──────────┴─────────┴──────────┴───────────╯.......... 
                                                                                                    [100D[2K[?2004l[?25h[?1002l[?1003l[?1006l